
> frontend@0.0.0 build
> tsc -b && vite build

src/features/auth/components/Register.tsx(1,17): error TS6133: 'useState' is declared but its value is never read.
src/features/auth/hooks/useCurrentUser.ts(4,10): error TS2305: Module '"../stores/authStore"' has no exported member 'useAuthStore'.
src/features/auth/hooks/useCurrentUser.ts(12,31): error TS7006: Parameter 'state' implicitly has an 'any' type.
src/features/contracts/pages/Edit.tsx(23,15): error TS6196: 'Contract' is declared but never used.
src/features/profile/components/AvatarUpload.tsx(2,27): error TS6133: 'Button' is declared but its value is never read.
src/features/profile/components/Setup2FA.tsx(2,53): error TS6133: 'List' is declared but its value is never read.
src/features/profile/components/Setup2FA.tsx(81,31): error TS2339: Property 'map' does not exist on type '{}'.
src/features/profile/components/Setup2FA.tsx(81,36): error TS7006: Parameter 'code' implicitly has an 'any' type.
src/features/profile/components/Setup2FA.tsx(81,42): error TS7006: Parameter 'index' implicitly has an 'any' type.
src/features/profile/components/Setup2FA.tsx(126,132): error TS2339: Property 'svg' does not exist on type '{}'.
src/features/profile/hooks/useProfile.ts(4,3): error TS2305: Module '"../api/profileApi"' has no exported member 'getTwoFactorQrCode'.
src/features/profile/hooks/useProfile.ts(4,23): error TS2305: Module '"../api/profileApi"' has no exported member 'enableTwoFactor'.
src/features/profile/hooks/useProfile.ts(4,40): error TS2305: Module '"../api/profileApi"' has no exported member 'disableTwoFactor'.
src/features/profile/hooks/useProfile.ts(5,3): error TS2305: Module '"../api/profileApi"' has no exported member 'confirmTwoFactor'.
src/features/profile/hooks/useProfile.ts(5,21): error TS2305: Module '"../api/profileApi"' has no exported member 'getTwoFactorRecoveryCodes'.
src/features/profile/hooks/useProfile.ts(5,48): error TS2305: Module '"../api/profileApi"' has no exported member 'regenerateRecoveryCodes'.
src/features/profile/hooks/useProfile.ts(21,63): error TS2345: Argument of type 'Partial<ProfileType>' is not assignable to parameter of type 'Partial<IMe & { full_name: string; }>'.
  Types of property 'phone' are incompatible.
    Type 'string | null | undefined' is not assignable to type 'string | undefined'.
      Type 'null' is not assignable to type 'string | undefined'.
src/features/profile/pages/ProfilePage.tsx(57,55): error TS2339: Property 'avatar_url' does not exist on type 'IMe'.
src/features/profile/pages/ProfilePage.tsx(204,43): error TS2339: Property 'two_factor_confirmed_at' does not exist on type 'IMe'.
src/features/properties/pages/Floors/create.tsx(7,11): error TS6196: 'CreateFloorForm' is declared but never used.
src/features/properties/pages/Floors/create.tsx(18,9): error TS6133: 'location' is declared but its value is never read.
src/features/properties/pages/Floors/detail.tsx(1,8): error TS6133: 'React' is declared but its value is never read.
src/features/properties/pages/Floors/detail.tsx(14,9): error TS6133: 'location' is declared but its value is never read.
src/features/properties/pages/Floors/detail.tsx(18,10): error TS6133: 'loading' is declared but its value is never read.
src/features/properties/pages/Floors/detail.tsx(18,19): error TS6133: 'setLoading' is declared but its value is never read.
src/features/properties/pages/Floors/edit.tsx(18,9): error TS6133: 'location' is declared but its value is never read.
src/features/properties/pages/Floors/Floors.tsx(2,1): error TS6133: 'React' is declared but its value is never read.
src/features/properties/pages/Floors/Floors.tsx(5,10): error TS6133: 'Link' is declared but its value is never read.
src/features/properties/pages/Meters/create.tsx(10,9): error TS6133: 'location' is declared but its value is never read.
src/features/properties/pages/Meters/detail.tsx(1,8): error TS6133: 'React' is declared but its value is never read.
src/features/properties/pages/Meters/detail.tsx(10,9): error TS6133: 'location' is declared but its value is never read.
src/features/properties/pages/Meters/edit.tsx(10,9): error TS6133: 'location' is declared but its value is never read.
src/features/properties/pages/Meters/Meters.tsx(2,1): error TS6133: 'React' is declared but its value is never read.
src/features/properties/pages/Meters/Meters.tsx(5,10): error TS6133: 'Link' is declared but its value is never read.
src/features/properties/pages/Orgs/create.tsx(24,9): error TS6133: 'location' is declared but its value is never read.
src/features/properties/pages/Orgs/detail.tsx(1,8): error TS6133: 'React' is declared but its value is never read.
src/features/properties/pages/Orgs/detail.tsx(24,9): error TS6133: 'location' is declared but its value is never read.
src/features/properties/pages/Orgs/edit.tsx(24,9): error TS6133: 'location' is declared but its value is never read.
src/features/properties/pages/Orgs/Orgs.tsx(2,1): error TS6133: 'React' is declared but its value is never read.
src/features/properties/pages/Orgs/Orgs.tsx(5,10): error TS6133: 'Link' is declared but its value is never read.
src/features/properties/pages/Property/Create.tsx(2,25): error TS6133: 'Form' is declared but its value is never read.
src/features/properties/pages/Property/Create.tsx(22,9): error TS6133: 'location' is declared but its value is never read.
src/features/properties/pages/Property/detail.tsx(1,8): error TS6133: 'React' is declared but its value is never read.
src/features/properties/pages/Property/detail.tsx(15,9): error TS6133: 'location' is declared but its value is never read.
src/features/properties/pages/Property/detail.tsx(19,10): error TS6133: 'loading' is declared but its value is never read.
src/features/properties/pages/Property/detail.tsx(19,19): error TS6133: 'setLoading' is declared but its value is never read.
src/features/properties/pages/Property/edit.tsx(2,25): error TS6133: 'Form' is declared but its value is never read.
src/features/properties/pages/Property/edit.tsx(22,9): error TS6133: 'location' is declared but its value is never read.
src/features/properties/pages/Property/Properties.tsx(4,10): error TS6133: 'Link' is declared but its value is never read.
src/features/properties/pages/Rooms/create.tsx(21,9): error TS6133: 'location' is declared but its value is never read.
src/features/properties/pages/Rooms/detail.tsx(1,8): error TS6133: 'React' is declared but its value is never read.
src/features/properties/pages/Rooms/detail.tsx(2,39): error TS6133: 'Table' is declared but its value is never read.
src/features/properties/pages/Rooms/detail.tsx(21,9): error TS6133: 'location' is declared but its value is never read.
src/features/properties/pages/Rooms/edit.tsx(21,9): error TS6133: 'location' is declared but its value is never read.
src/features/properties/pages/Rooms/Rooms.tsx(1,10): error TS6133: 'Select' is declared but its value is never read.
src/features/properties/pages/Rooms/Rooms.tsx(4,10): error TS6133: 'Link' is declared but its value is never read.
src/features/users/pages/Manager/detail.tsx(18,9): error TS6133: 'location' is declared but its value is never read.
src/features/users/pages/Staff/detail.tsx(18,9): error TS6133: 'location' is declared but its value is never read.
src/features/users/pages/Tenants/detail.tsx(18,9): error TS6133: 'location' is declared but its value is never read.
src/Layouts/Client/LayoutClient.tsx(1,1): error TS6133: 'React' is declared but its value is never read.
src/Pages/Admin/Dashboard.tsx(1,1): error TS6133: 'React' is declared but its value is never read.
src/Pages/Admin/Statistical.tsx(1,1): error TS6133: 'React' is declared but its value is never read.
src/Pages/Client/404.tsx(1,1): error TS6133: 'React' is declared but its value is never read.
