
Running 6 tests using 6 workers

[1A[2K[1/6] [chromium] ΓÇ║ tests\phase1.spec.ts:22:9 ΓÇ║ Phase 1 Frontend Tests ΓÇ║ 1. Authentication Module ΓÇ║ TC-AUTH-02: Login fails with incorrect password
[1A[2K[2/6] [chromium] ΓÇ║ tests\phase1.spec.ts:7:9 ΓÇ║ Phase 1 Frontend Tests ΓÇ║ 1. Authentication Module ΓÇ║ TC-AUTH-01: User can login successfully
[1A[2K[3/6] [chromium] ΓÇ║ tests\phase1.spec.ts:32:9 ΓÇ║ Phase 1 Frontend Tests ΓÇ║ 1. Authentication Module ΓÇ║ TC-AUTH-03: Login fails with non-existent email
[1A[2K[4/6] [chromium] ΓÇ║ tests\phase1.spec.ts:61:9 ΓÇ║ Phase 1 Frontend Tests ΓÇ║ 1. Authentication Module ΓÇ║ TC-AUTH-05: Route guards block unauthenticated users
[1A[2K[5/6] [chromium] ΓÇ║ tests\phase1.spec.ts:42:9 ΓÇ║ Phase 1 Frontend Tests ΓÇ║ 1. Authentication Module ΓÇ║ TC-AUTH-04: User can logout successfully
[1A[2K[6/6] [chromium] ΓÇ║ tests\phase1.spec.ts:69:9 ΓÇ║ Phase 1 Frontend Tests ΓÇ║ 2. Profile & 2FA Module ΓÇ║ TC-PROF-01, TC-PROF-04, TC-2FA: Profile management and 2FA are accessible
[1A[2K  1) [chromium] ΓÇ║ tests\phase1.spec.ts:61:9 ΓÇ║ Phase 1 Frontend Tests ΓÇ║ 1. Authentication Module ΓÇ║ TC-AUTH-05: Route guards block unauthenticated users 

    Error: [2mexpect([22m[31mpage[39m[2m).[22mtoHaveURL[2m([22m[32mexpected[39m[2m)[22m failed

    Expected pattern: [32m/\/auth/[39m
    Received string:  [31m"http://localhost:3000/admin/profile"[39m
    Timeout: 10000ms

    Call log:
    [2m  - Expect "toHaveURL" with timeout 10000ms[22m
    [2m    13 ├ù unexpected value "http://localhost:3000/admin/profile"[22m


      62 |             await page.goto('/admin/profile');
      63 |             // Should redirect back to login
    > 64 |             await expect(page).toHaveURL(/\/auth/, { timeout: 10000 });
         |                                ^
      65 |         });
      66 |     });
      67 |
        at C:\laragon\www\laravel\DATN_hostech\Hostech\frontend\tests\phase1.spec.ts:64:32

    Error Context: test-results\phase1-Phase-1-Frontend-Te-d5588-block-unauthenticated-users-chromium\error-context.md


[1A[2K  2) [chromium] ΓÇ║ tests\phase1.spec.ts:7:9 ΓÇ║ Phase 1 Frontend Tests ΓÇ║ 1. Authentication Module ΓÇ║ TC-AUTH-01: User can login successfully 

    Error: [2mexpect([22m[31mlocator[39m[2m).[22mtoBeVisible[2m([22m[2m)[22m failed

    Locator: getByRole('button', { name: /─æ─âng nhß║¡p/i })
    Expected: visible
    Timeout: 10000ms
    Error: element(s) not found

    Call log:
    [2m  - Expect "toBeVisible" with timeout 10000ms[22m
    [2m  - waiting for getByRole('button', { name: /─æ─âng nhß║¡p/i })[22m


       7 |         test('TC-AUTH-01: User can login successfully', async ({ page }) => {
       8 |             await page.goto('/auth');
    >  9 |             await expect(page.getByRole('button', { name: /─æ─âng nhß║¡p/i })).toBeVisible({ timeout: 10000 });
         |                                                                            ^
      10 |             await page.locator('input[type="email"], input[name="email"]').fill('admin@example.com');
      11 |             await page.locator('input[type="password"], input[name="password"]').fill('12345678');
      12 |             await page.getByRole('button', { name: /─æ─âng nhß║¡p/i }).click();
        at C:\laragon\www\laravel\DATN_hostech\Hostech\frontend\tests\phase1.spec.ts:9:76

    Error Context: test-results\phase1-Phase-1-Frontend-Te-41a8f-User-can-login-successfully-chromium\error-context.md


[1A[2K  3) [chromium] ΓÇ║ tests\phase1.spec.ts:22:9 ΓÇ║ Phase 1 Frontend Tests ΓÇ║ 1. Authentication Module ΓÇ║ TC-AUTH-02: Login fails with incorrect password 

    [31mTest timeout of 30000ms exceeded.[39m

    Error: locator.fill: Test timeout of 30000ms exceeded.
    Call log:
    [2m  - waiting for locator('input[type="email"], input[name="email"]')[22m


      22 |         test('TC-AUTH-02: Login fails with incorrect password', async ({ page }) => {
      23 |             await page.goto('/auth');
    > 24 |             await page.locator('input[type="email"], input[name="email"]').fill('admin@example.com');
         |                                                                            ^
      25 |             await page.locator('input[type="password"], input[name="password"]').fill('wrongpassword');
      26 |             await page.getByRole('button', { name: /─æ─âng nhß║¡p/i }).click();
      27 |             await expect(page.getByText(/sai email.*mß║¡t khß║⌐u/i)).toBeVisible({ timeout: 10000 });
        at C:\laragon\www\laravel\DATN_hostech\Hostech\frontend\tests\phase1.spec.ts:24:76

    Error Context: test-results\phase1-Phase-1-Frontend-Te-68b15-ils-with-incorrect-password-chromium\error-context.md


[1A[2K  4) [chromium] ΓÇ║ tests\phase1.spec.ts:42:9 ΓÇ║ Phase 1 Frontend Tests ΓÇ║ 1. Authentication Module ΓÇ║ TC-AUTH-04: User can logout successfully 

    [31mTest timeout of 30000ms exceeded.[39m

    Error: locator.fill: Test timeout of 30000ms exceeded.
    Call log:
    [2m  - waiting for locator('input[type="email"], input[name="email"]')[22m


      42 |         test('TC-AUTH-04: User can logout successfully', async ({ page }) => {
      43 |             await page.goto('/auth');
    > 44 |             await page.locator('input[type="email"], input[name="email"]').fill('admin@example.com');
         |                                                                            ^
      45 |             await page.locator('input[type="password"], input[name="password"]').fill('12345678');
      46 |             await page.getByRole('button', { name: /─æ─âng nhß║¡p/i }).click();
      47 |             await page.waitForURL(/\/.*admin/i);
        at C:\laragon\www\laravel\DATN_hostech\Hostech\frontend\tests\phase1.spec.ts:44:76

    Error Context: test-results\phase1-Phase-1-Frontend-Te-56d58-ser-can-logout-successfully-chromium\error-context.md


[1A[2K  5) [chromium] ΓÇ║ tests\phase1.spec.ts:69:9 ΓÇ║ Phase 1 Frontend Tests ΓÇ║ 2. Profile & 2FA Module ΓÇ║ TC-PROF-01, TC-PROF-04, TC-2FA: Profile management and 2FA are accessible 

    [31mTest timeout of 30000ms exceeded.[39m

    Error: locator.fill: Test timeout of 30000ms exceeded.
    Call log:
    [2m  - waiting for locator('input[type="email"], input[name="email"]')[22m


      69 |         test('TC-PROF-01, TC-PROF-04, TC-2FA: Profile management and 2FA are accessible', async ({ page }) => {
      70 |             await page.goto('/auth');
    > 71 |             await page.locator('input[type="email"], input[name="email"]').fill('admin@example.com');
         |                                                                            ^
      72 |             await page.locator('input[type="password"], input[name="password"]').fill('12345678');
      73 |             await page.getByRole('button', { name: /─æ─âng nhß║¡p/i }).click();
      74 |             await page.waitForLoadState('networkidle');
        at C:\laragon\www\laravel\DATN_hostech\Hostech\frontend\tests\phase1.spec.ts:71:76

    Error Context: test-results\phase1-Phase-1-Frontend-Te-33824-ment-and-2FA-are-accessible-chromium\error-context.md


[1A[2K  6) [chromium] ΓÇ║ tests\phase1.spec.ts:32:9 ΓÇ║ Phase 1 Frontend Tests ΓÇ║ 1. Authentication Module ΓÇ║ TC-AUTH-03: Login fails with non-existent email 

    [31mTest timeout of 30000ms exceeded.[39m

    Error: locator.fill: Test timeout of 30000ms exceeded.
    Call log:
    [2m  - waiting for locator('input[type="email"], input[name="email"]')[22m


      32 |         test('TC-AUTH-03: Login fails with non-existent email', async ({ page }) => {
      33 |             await page.goto('/auth');
    > 34 |             await page.locator('input[type="email"], input[name="email"]').fill('notexist@example.com');
         |                                                                            ^
      35 |             await page.locator('input[type="password"], input[name="password"]').fill('12345678');
      36 |             await page.getByRole('button', { name: /─æ─âng nhß║¡p/i }).click();
      37 |             await expect(page.getByText(/sai email.*mß║¡t khß║⌐u/i)).toBeVisible({ timeout: 10000 });
        at C:\laragon\www\laravel\DATN_hostech\Hostech\frontend\tests\phase1.spec.ts:34:76

    Error Context: test-results\phase1-Phase-1-Frontend-Te-514ac-ils-with-non-existent-email-chromium\error-context.md


[1A[2K  6 failed
    [chromium] ΓÇ║ tests\phase1.spec.ts:7:9 ΓÇ║ Phase 1 Frontend Tests ΓÇ║ 1. Authentication Module ΓÇ║ TC-AUTH-01: User can login successfully 
    [chromium] ΓÇ║ tests\phase1.spec.ts:22:9 ΓÇ║ Phase 1 Frontend Tests ΓÇ║ 1. Authentication Module ΓÇ║ TC-AUTH-02: Login fails with incorrect password 
    [chromium] ΓÇ║ tests\phase1.spec.ts:32:9 ΓÇ║ Phase 1 Frontend Tests ΓÇ║ 1. Authentication Module ΓÇ║ TC-AUTH-03: Login fails with non-existent email 
    [chromium] ΓÇ║ tests\phase1.spec.ts:42:9 ΓÇ║ Phase 1 Frontend Tests ΓÇ║ 1. Authentication Module ΓÇ║ TC-AUTH-04: User can logout successfully 
    [chromium] ΓÇ║ tests\phase1.spec.ts:61:9 ΓÇ║ Phase 1 Frontend Tests ΓÇ║ 1. Authentication Module ΓÇ║ TC-AUTH-05: Route guards block unauthenticated users 
    [chromium] ΓÇ║ tests\phase1.spec.ts:69:9 ΓÇ║ Phase 1 Frontend Tests ΓÇ║ 2. Profile & 2FA Module ΓÇ║ TC-PROF-01, TC-PROF-04, TC-2FA: Profile management and 2FA are accessible 

[36m  Serving HTML report at http://localhost:9323. Press Ctrl+C to quit.[39m
