
> frontend@0.0.0 lint
> eslint .


C:\laragon\www\laravel\DATN_hostech\Hostech\frontend\src\Api\AuditLogApi.ts
  10:13  error  Unexpected any. Specify a different type  @typescript-eslint/no-explicit-any
  16:60  error  Unexpected any. Specify a different type  @typescript-eslint/no-explicit-any

C:\laragon\www\laravel\DATN_hostech\Hostech\frontend\src\Api\ContractApi.ts
  50:78  error  Unexpected any. Specify a different type  @typescript-eslint/no-explicit-any
  56:67  error  Unexpected any. Specify a different type  @typescript-eslint/no-explicit-any

C:\laragon\www\laravel\DATN_hostech\Hostech\frontend\src\Api\HandoverApi.ts
   5:47  error  Unexpected any. Specify a different type  @typescript-eslint/no-explicit-any
  10:60  error  Unexpected any. Specify a different type  @typescript-eslint/no-explicit-any
  15:44  error  Unexpected any. Specify a different type  @typescript-eslint/no-explicit-any
  15:58  error  Unexpected any. Specify a different type  @typescript-eslint/no-explicit-any
  20:56  error  Unexpected any. Specify a different type  @typescript-eslint/no-explicit-any
  20:70  error  Unexpected any. Specify a different type  @typescript-eslint/no-explicit-any
  29:60  error  Unexpected any. Specify a different type  @typescript-eslint/no-explicit-any
  36:69  error  Unexpected any. Specify a different type  @typescript-eslint/no-explicit-any
  41:68  error  Unexpected any. Specify a different type  @typescript-eslint/no-explicit-any
  41:82  error  Unexpected any. Specify a different type  @typescript-eslint/no-explicit-any
  46:84  error  Unexpected any. Specify a different type  @typescript-eslint/no-explicit-any
  46:98  error  Unexpected any. Specify a different type  @typescript-eslint/no-explicit-any
  57:73  error  Unexpected any. Specify a different type  @typescript-eslint/no-explicit-any
  62:72  error  Unexpected any. Specify a different type  @typescript-eslint/no-explicit-any
  62:86  error  Unexpected any. Specify a different type  @typescript-eslint/no-explicit-any

C:\laragon\www\laravel\DATN_hostech\Hostech\frontend\src\Api\MeterApi.ts
   5:44  error  Unexpected any. Specify a different type  @typescript-eslint/no-explicit-any
  10:72  error  Unexpected any. Specify a different type  @typescript-eslint/no-explicit-any
  15:86  error  Unexpected any. Specify a different type  @typescript-eslint/no-explicit-any
  20:57  error  Unexpected any. Specify a different type  @typescript-eslint/no-explicit-any
  25:41  error  Unexpected any. Specify a different type  @typescript-eslint/no-explicit-any
  25:55  error  Unexpected any. Specify a different type  @typescript-eslint/no-explicit-any
  30:53  error  Unexpected any. Specify a different type  @typescript-eslint/no-explicit-any
  30:67  error  Unexpected any. Specify a different type  @typescript-eslint/no-explicit-any
  41:66  error  Unexpected any. Specify a different type  @typescript-eslint/no-explicit-any
  46:88  error  Unexpected any. Specify a different type  @typescript-eslint/no-explicit-any
  51:65  error  Unexpected any. Specify a different type  @typescript-eslint/no-explicit-any
  51:79  error  Unexpected any. Specify a different type  @typescript-eslint/no-explicit-any
  56:84  error  Unexpected any. Specify a different type  @typescript-eslint/no-explicit-any
  56:98  error  Unexpected any. Specify a different type  @typescript-eslint/no-explicit-any
  67:66  error  Unexpected any. Specify a different type  @typescript-eslint/no-explicit-any
  72:65  error  Unexpected any. Specify a different type  @typescript-eslint/no-explicit-any
  72:79  error  Unexpected any. Specify a different type  @typescript-eslint/no-explicit-any
  77:91  error  Unexpected any. Specify a different type  @typescript-eslint/no-explicit-any
  82:90  error  Unexpected any. Specify a different type  @typescript-eslint/no-explicit-any

C:\laragon\www\laravel\DATN_hostech\Hostech\frontend\src\Api\OrgApi.ts
   5:42  error  Unexpected any. Specify a different type  @typescript-eslint/no-explicit-any
  10:55  error  Unexpected any. Specify a different type  @typescript-eslint/no-explicit-any
  15:39  error  Unexpected any. Specify a different type  @typescript-eslint/no-explicit-any
  15:53  error  Unexpected any. Specify a different type  @typescript-eslint/no-explicit-any
  20:51  error  Unexpected any. Specify a different type  @typescript-eslint/no-explicit-any
  20:65  error  Unexpected any. Specify a different type  @typescript-eslint/no-explicit-any
  29:49  error  Unexpected any. Specify a different type  @typescript-eslint/no-explicit-any
  43:64  error  Unexpected any. Specify a different type  @typescript-eslint/no-explicit-any
  49:59  error  Unexpected any. Specify a different type  @typescript-eslint/no-explicit-any
  55:62  error  Unexpected any. Specify a different type  @typescript-eslint/no-explicit-any

C:\laragon\www\laravel\DATN_hostech\Hostech\frontend\src\Api\PropertyApi.ts
    5:48  error  Unexpected any. Specify a different type  @typescript-eslint/no-explicit-any
   10:60  error  Unexpected any. Specify a different type  @typescript-eslint/no-explicit-any
   15:44  error  Unexpected any. Specify a different type  @typescript-eslint/no-explicit-any
   15:58  error  Unexpected any. Specify a different type  @typescript-eslint/no-explicit-any
   20:56  error  Unexpected any. Specify a different type  @typescript-eslint/no-explicit-any
   20:70  error  Unexpected any. Specify a different type  @typescript-eslint/no-explicit-any
   29:55  error  Unexpected any. Specify a different type  @typescript-eslint/no-explicit-any
   44:44  error  Unexpected any. Specify a different type  @typescript-eslint/no-explicit-any
   49:72  error  Unexpected any. Specify a different type  @typescript-eslint/no-explicit-any
   54:57  error  Unexpected any. Specify a different type  @typescript-eslint/no-explicit-any
   59:61  error  Unexpected any. Specify a different type  @typescript-eslint/no-explicit-any
   59:75  error  Unexpected any. Specify a different type  @typescript-eslint/no-explicit-any
   64:53  error  Unexpected any. Specify a different type  @typescript-eslint/no-explicit-any
   64:67  error  Unexpected any. Specify a different type  @typescript-eslint/no-explicit-any
   73:51  error  Unexpected any. Specify a different type  @typescript-eslint/no-explicit-any
   88:43  error  Unexpected any. Specify a different type  @typescript-eslint/no-explicit-any
   93:71  error  Unexpected any. Specify a different type  @typescript-eslint/no-explicit-any
   98:56  error  Unexpected any. Specify a different type  @typescript-eslint/no-explicit-any
  103:60  error  Unexpected any. Specify a different type  @typescript-eslint/no-explicit-any
  103:74  error  Unexpected any. Specify a different type  @typescript-eslint/no-explicit-any
  108:52  error  Unexpected any. Specify a different type  @typescript-eslint/no-explicit-any
  108:66  error  Unexpected any. Specify a different type  @typescript-eslint/no-explicit-any
  117:50  error  Unexpected any. Specify a different type  @typescript-eslint/no-explicit-any

C:\laragon\www\laravel\DATN_hostech\Hostech\frontend\src\Api\UserApi.ts
   5:56   error  Unexpected any. Specify a different type  @typescript-eslint/no-explicit-any
   5:71   error  Unexpected any. Specify a different type  @typescript-eslint/no-explicit-any
  10:56   error  Unexpected any. Specify a different type  @typescript-eslint/no-explicit-any
  15:40   error  Unexpected any. Specify a different type  @typescript-eslint/no-explicit-any
  15:54   error  Unexpected any. Specify a different type  @typescript-eslint/no-explicit-any
  20:52   error  Unexpected any. Specify a different type  @typescript-eslint/no-explicit-any
  20:66   error  Unexpected any. Specify a different type  @typescript-eslint/no-explicit-any
  29:50   error  Unexpected any. Specify a different type  @typescript-eslint/no-explicit-any
  44:103  error  Unexpected any. Specify a different type  @typescript-eslint/no-explicit-any
  49:66   error  Unexpected any. Specify a different type  @typescript-eslint/no-explicit-any

C:\laragon\www\laravel\DATN_hostech\Hostech\frontend\src\Components\Auth\Register.tsx
   1:17  error    'useState' is defined but never used                                                                                                                                                                                                                                                                                                                                                                                                                                                                                                                                                                                                                                                                                                               @typescript-eslint/no-unused-vars
  34:24  warning  Compilation Skipped: Use of incompatible library

This API returns functions which cannot be memoized without leading to stale UI. To prevent this, by default React Compiler will skip memoizing this component/hook. However, you may see issues if values from this API are passed to other components/hooks that are memoized.

C:\laragon\www\laravel\DATN_hostech\Hostech\frontend\src\Components\Auth\Register.tsx:34:24
  32 |   });
  33 |
> 34 |   const selectedRole = watch("role");
     |                        ^^^^^ React Hook Form's `useForm()` API returns a `watch()` function which cannot be memoized safely.
  35 |   const passwordValue = watch("password");
  36 |
  37 |   const mutationRegisterUser = useMutation({  react-hooks/incompatible-library
  47:22  error    Unexpected any. Specify a different type                                                                                                                                                                                                                                                                                                                                                                                                                                                                                                                                                                                                                                                                                                           @typescript-eslint/no-explicit-any
  53:33  error    Unexpected any. Specify a different type                                                                                                                                                                                                                                                                                                                                                                                                                                                                                                                                                                                                                                                                                                           @typescript-eslint/no-explicit-any

C:\laragon\www\laravel\DATN_hostech\Hostech\frontend\src\Components\Service\ServiceCalculator.tsx
  25:17  error  Unexpected lexical declaration in case block  no-case-declarations

C:\laragon\www\laravel\DATN_hostech\Hostech\frontend\src\Components\Service\ServiceForm.tsx
  45:26  error  Unexpected any. Specify a different type  @typescript-eslint/no-explicit-any
  50:31  error  Unexpected any. Specify a different type  @typescript-eslint/no-explicit-any

C:\laragon\www\laravel\DATN_hostech\Hostech\frontend\src\Components\Service\ServiceList.tsx
  79:19  error  Unexpected any. Specify a different type  @typescript-eslint/no-explicit-any

C:\laragon\www\laravel\DATN_hostech\Hostech\frontend\src\Pages\Admin\Contracts\ContractList.tsx
  38:19  error  Unexpected any. Specify a different type  @typescript-eslint/no-explicit-any
  47:19  error  Unexpected any. Specify a different type  @typescript-eslint/no-explicit-any
  85:19  error  Unexpected any. Specify a different type  @typescript-eslint/no-explicit-any

C:\laragon\www\laravel\DATN_hostech\Hostech\frontend\src\Pages\Admin\Contracts\Create.tsx
   38:18  error  Unexpected any. Specify a different type  @typescript-eslint/no-explicit-any
   43:29  error  Unexpected any. Specify a different type  @typescript-eslint/no-explicit-any
  119:41  error  Unexpected any. Specify a different type  @typescript-eslint/no-explicit-any
  119:82  error  Unexpected any. Specify a different type  @typescript-eslint/no-explicit-any

C:\laragon\www\laravel\DATN_hostech\Hostech\frontend\src\Pages\Admin\Contracts\DeletedContracts.tsx
  38:25  error  Unexpected any. Specify a different type  @typescript-eslint/no-explicit-any
  75:25  error  Unexpected any. Specify a different type  @typescript-eslint/no-explicit-any

C:\laragon\www\laravel\DATN_hostech\Hostech\frontend\src\Pages\Admin\Contracts\Edit.tsx
   78:18  error  Unexpected any. Specify a different type  @typescript-eslint/no-explicit-any
   83:29  error  Unexpected any. Specify a different type  @typescript-eslint/no-explicit-any
  188:41  error  Unexpected any. Specify a different type  @typescript-eslint/no-explicit-any
  189:21  error  Unexpected any. Specify a different type  @typescript-eslint/no-explicit-any

C:\laragon\www\laravel\DATN_hostech\Hostech\frontend\src\Pages\Admin\Invoices\Create.tsx
  29:18   error  Unexpected any. Specify a different type  @typescript-eslint/no-explicit-any
  33:29   error  Unexpected any. Specify a different type  @typescript-eslint/no-explicit-any
  76:78   error  Unexpected any. Specify a different type  @typescript-eslint/no-explicit-any
  76:104  error  Unexpected any. Specify a different type  @typescript-eslint/no-explicit-any

C:\laragon\www\laravel\DATN_hostech\Hostech\frontend\src\Pages\Admin\Invoices\DeletedInvoices.tsx
  35:25  error  Unexpected any. Specify a different type  @typescript-eslint/no-explicit-any
  40:25  error  Unexpected any. Specify a different type  @typescript-eslint/no-explicit-any
  63:25  error  Unexpected any. Specify a different type  @typescript-eslint/no-explicit-any

C:\laragon\www\laravel\DATN_hostech\Hostech\frontend\src\Pages\Admin\Invoices\Detail.tsx
   43:22  error  Unexpected any. Specify a different type  @typescript-eslint/no-explicit-any
   54:32  error  Unexpected any. Specify a different type  @typescript-eslint/no-explicit-any
  105:25  error  Unexpected any. Specify a different type  @typescript-eslint/no-explicit-any

C:\laragon\www\laravel\DATN_hostech\Hostech\frontend\src\Pages\Admin\Invoices\Edit.tsx
   58:18   error  Unexpected any. Specify a different type  @typescript-eslint/no-explicit-any
   62:29   error  Unexpected any. Specify a different type  @typescript-eslint/no-explicit-any
  130:78   error  Unexpected any. Specify a different type  @typescript-eslint/no-explicit-any
  130:104  error  Unexpected any. Specify a different type  @typescript-eslint/no-explicit-any

C:\laragon\www\laravel\DATN_hostech\Hostech\frontend\src\Pages\Admin\Invoices\InvoiceList.tsx
  35:19  error  Unexpected any. Specify a different type  @typescript-eslint/no-explicit-any
  44:19  error  Unexpected any. Specify a different type  @typescript-eslint/no-explicit-any
  85:19  error  Unexpected any. Specify a different type  @typescript-eslint/no-explicit-any

C:\laragon\www\laravel\DATN_hostech\Hostech\frontend\src\Pages\Admin\Properties\Floors\Floors.tsx
   5:10  error  'Link' is defined but never used          @typescript-eslint/no-unused-vars
  29:19  error  Unexpected any. Specify a different type  @typescript-eslint/no-explicit-any
  29:32  error  Unexpected any. Specify a different type  @typescript-eslint/no-explicit-any

C:\laragon\www\laravel\DATN_hostech\Hostech\frontend\src\Pages\Admin\Properties\Floors\create.tsx
   7:11  error  'CreateFloorForm' is defined but never used    @typescript-eslint/no-unused-vars
  18:9   error  'location' is assigned a value but never used  @typescript-eslint/no-unused-vars
  43:33  error  Unexpected any. Specify a different type       @typescript-eslint/no-explicit-any
  72:19  error  Unexpected any. Specify a different type       @typescript-eslint/no-explicit-any

C:\laragon\www\laravel\DATN_hostech\Hostech\frontend\src\Pages\Admin\Properties\Floors\detail.tsx
  14:9   error  'location' is assigned a value but never used                                                                                                                                                                                                                                                                                                                                                                                                                                                                                                                                                                                                                                                                                                                                                                                                                                                                                                                                                                                           @typescript-eslint/no-unused-vars
  18:10  error  'loading' is assigned a value but never used                                                                                                                                                                                                                                                                                                                                                                                                                                                                                                                                                                                                                                                                                                                                                                                                                                                                                                                                                                                            @typescript-eslint/no-unused-vars
  18:19  error  'setLoading' is assigned a value but never used                                                                                                                                                                                                                                                                                                                                                                                                                                                                                                                                                                                                                                                                                                                                                                                                                                                                                                                                                                                         @typescript-eslint/no-unused-vars
  31:5   error  Error: Calling setState synchronously within an effect can trigger cascading renders

Effects are intended to synchronize state between React and external systems such as manually updating the DOM, state management libraries, or other platform APIs. In general, the body of an effect should do one or both of the following:
* Update external systems with the latest state from React.
* Subscribe for updates from some external system, calling setState in a callback function when external state changes.

Calling setState synchronously within an effect body causes cascading renders that can hurt performance, and is not recommended. (https://react.dev/learn/you-might-not-need-an-effect).

C:\laragon\www\laravel\DATN_hostech\Hostech\frontend\src\Pages\Admin\Properties\Floors\detail.tsx:31:5
  29 |       rooms_count: 6,
  30 |     };
> 31 |     setData(mockData);
     |     ^^^^^^^ Avoid calling setState() directly within an effect
  32 |   }, [id]);
  33 |
  34 |   const handleEdit = () => {  react-hooks/set-state-in-effect

C:\laragon\www\laravel\DATN_hostech\Hostech\frontend\src\Pages\Admin\Properties\Floors\edit.tsx
  18:9   error  'location' is assigned a value but never used  @typescript-eslint/no-unused-vars
  51:33  error  Unexpected any. Specify a different type       @typescript-eslint/no-explicit-any
  80:19  error  Unexpected any. Specify a different type       @typescript-eslint/no-explicit-any

C:\laragon\www\laravel\DATN_hostech\Hostech\frontend\src\Pages\Admin\Properties\Meters\Meters.tsx
   5:10  error  'Link' is defined but never used          @typescript-eslint/no-unused-vars
  33:30  error  Unexpected any. Specify a different type  @typescript-eslint/no-explicit-any
  78:19  error  Unexpected any. Specify a different type  @typescript-eslint/no-explicit-any
  78:32  error  Unexpected any. Specify a different type  @typescript-eslint/no-explicit-any

C:\laragon\www\laravel\DATN_hostech\Hostech\frontend\src\Pages\Admin\Properties\Meters\create.tsx
   10:9   error  'location' is assigned a value but never used                          @typescript-eslint/no-unused-vars
   62:33  error  Unexpected any. Specify a different type                               @typescript-eslint/no-explicit-any
  105:19  error  Unexpected any. Specify a different type                               @typescript-eslint/no-explicit-any
  123:13  error  Expected an assignment or function call and instead saw an expression  @typescript-eslint/no-unused-expressions

C:\laragon\www\laravel\DATN_hostech\Hostech\frontend\src\Pages\Admin\Properties\Meters\detail.tsx
  10:9  error  'location' is assigned a value but never used                                                                                                                                                                                                                                                                                                                                                                                                                                                                                                                                                                                                                                                                                                                                                                                                                                                                                                                                                                                      @typescript-eslint/no-unused-vars
  30:5  error  Error: Calling setState synchronously within an effect can trigger cascading renders

Effects are intended to synchronize state between React and external systems such as manually updating the DOM, state management libraries, or other platform APIs. In general, the body of an effect should do one or both of the following:
* Update external systems with the latest state from React.
* Subscribe for updates from some external system, calling setState in a callback function when external state changes.

Calling setState synchronously within an effect body causes cascading renders that can hurt performance, and is not recommended. (https://react.dev/learn/you-might-not-need-an-effect).

C:\laragon\www\laravel\DATN_hostech\Hostech\frontend\src\Pages\Admin\Properties\Meters\detail.tsx:30:5
  28 |       status: 1,
  29 |     };
> 30 |     setData(mockData);
     |     ^^^^^^^ Avoid calling setState() directly within an effect
  31 |   }, [id]);
  32 |
  33 |   const handleEdit = () => {  react-hooks/set-state-in-effect

C:\laragon\www\laravel\DATN_hostech\Hostech\frontend\src\Pages\Admin\Properties\Meters\edit.tsx
   10:9   error  'location' is assigned a value but never used                          @typescript-eslint/no-unused-vars
   73:33  error  Unexpected any. Specify a different type                               @typescript-eslint/no-explicit-any
  116:19  error  Unexpected any. Specify a different type                               @typescript-eslint/no-explicit-any
  134:13  error  Expected an assignment or function call and instead saw an expression  @typescript-eslint/no-unused-expressions

C:\laragon\www\laravel\DATN_hostech\Hostech\frontend\src\Pages\Admin\Properties\Orgs\Orgs.tsx
  20:37  error  Unexpected any. Specify a different type  @typescript-eslint/no-explicit-any
  24:30  error  Unexpected any. Specify a different type  @typescript-eslint/no-explicit-any
  32:19  error  Unexpected any. Specify a different type  @typescript-eslint/no-explicit-any
  32:32  error  Unexpected any. Specify a different type  @typescript-eslint/no-explicit-any

C:\laragon\www\laravel\DATN_hostech\Hostech\frontend\src\Pages\Admin\Properties\Orgs\create.tsx
  24:9   error  'location' is assigned a value but never used  @typescript-eslint/no-unused-vars
  64:33  error  Unexpected any. Specify a different type       @typescript-eslint/no-explicit-any
  93:19  error  Unexpected any. Specify a different type       @typescript-eslint/no-explicit-any

C:\laragon\www\laravel\DATN_hostech\Hostech\frontend\src\Pages\Admin\Properties\Orgs\detail.tsx
  24:9  error  'location' is assigned a value but never used                                                                                                                                                                                                                                                                                                                                                                                                                                                                                                                                                                                                                                                                                                                                                                                                                                                                                                                                                                                                                   @typescript-eslint/no-unused-vars
  42:5  error  Error: Calling setState synchronously within an effect can trigger cascading renders

Effects are intended to synchronize state between React and external systems such as manually updating the DOM, state management libraries, or other platform APIs. In general, the body of an effect should do one or both of the following:
* Update external systems with the latest state from React.
* Subscribe for updates from some external system, calling setState in a callback function when external state changes.

Calling setState synchronously within an effect body causes cascading renders that can hurt performance, and is not recommended. (https://react.dev/learn/you-might-not-need-an-effect).

C:\laragon\www\laravel\DATN_hostech\Hostech\frontend\src\Pages\Admin\Properties\Orgs\detail.tsx:42:5
  40 |       address: "123 ─É╞░ß╗¥ng XYZ, Quß║¡n 1, TP.HCM",
  41 |     };
> 42 |     setData(mockData);
     |     ^^^^^^^ Avoid calling setState() directly within an effect
  43 |   }, [id]);
  44 |
  45 |   const handleEdit = () => {  react-hooks/set-state-in-effect

C:\laragon\www\laravel\DATN_hostech\Hostech\frontend\src\Pages\Admin\Properties\Orgs\edit.tsx
   24:9   error  'location' is assigned a value but never used  @typescript-eslint/no-unused-vars
   77:33  error  Unexpected any. Specify a different type       @typescript-eslint/no-explicit-any
  106:19  error  Unexpected any. Specify a different type       @typescript-eslint/no-explicit-any

C:\laragon\www\laravel\DATN_hostech\Hostech\frontend\src\Pages\Admin\Properties\Property\Create.tsx
  53:33  error  Unexpected any. Specify a different type                               @typescript-eslint/no-explicit-any
  82:19  error  Unexpected any. Specify a different type                               @typescript-eslint/no-explicit-any
  99:13  error  Expected an assignment or function call and instead saw an expression  @typescript-eslint/no-unused-expressions

C:\laragon\www\laravel\DATN_hostech\Hostech\frontend\src\Pages\Admin\Properties\Property\Properties.tsx
  14:43  error  Unexpected any. Specify a different type  @typescript-eslint/no-explicit-any
  18:30  error  Unexpected any. Specify a different type  @typescript-eslint/no-explicit-any
  25:19  error  Unexpected any. Specify a different type  @typescript-eslint/no-explicit-any
  25:32  error  Unexpected any. Specify a different type  @typescript-eslint/no-explicit-any

C:\laragon\www\laravel\DATN_hostech\Hostech\frontend\src\Pages\Admin\Properties\Property\detail.tsx
  35:5  error  Error: Calling setState synchronously within an effect can trigger cascading renders

Effects are intended to synchronize state between React and external systems such as manually updating the DOM, state management libraries, or other platform APIs. In general, the body of an effect should do one or both of the following:
* Update external systems with the latest state from React.
* Subscribe for updates from some external system, calling setState in a callback function when external state changes.

Calling setState synchronously within an effect body causes cascading renders that can hurt performance, and is not recommended. (https://react.dev/learn/you-might-not-need-an-effect).

C:\laragon\www\laravel\DATN_hostech\Hostech\frontend\src\Pages\Admin\Properties\Property\detail.tsx:35:5
  33 |       address: "123 ─É╞░ß╗¥ng ABC, Quß║¡n 1, TP.HCM",
  34 |     };
> 35 |     setData(mockData);
     |     ^^^^^^^ Avoid calling setState() directly within an effect
  36 |   }, [id]);
  37 |
  38 |   const handleEdit = () => {  react-hooks/set-state-in-effect

C:\laragon\www\laravel\DATN_hostech\Hostech\frontend\src\Pages\Admin\Properties\Property\edit.tsx
   64:33  error  Unexpected any. Specify a different type                               @typescript-eslint/no-explicit-any
   93:19  error  Unexpected any. Specify a different type                               @typescript-eslint/no-explicit-any
  111:13  error  Expected an assignment or function call and instead saw an expression  @typescript-eslint/no-unused-expressions

C:\laragon\www\laravel\DATN_hostech\Hostech\frontend\src\Pages\Admin\Properties\Rooms\Rooms.tsx
   1:10  error  'Select' is defined but never used        @typescript-eslint/no-unused-vars
   4:10  error  'Link' is defined but never used          @typescript-eslint/no-unused-vars
  29:30  error  Unexpected any. Specify a different type  @typescript-eslint/no-explicit-any
  54:19  error  Unexpected any. Specify a different type  @typescript-eslint/no-explicit-any
  54:32  error  Unexpected any. Specify a different type  @typescript-eslint/no-explicit-any

C:\laragon\www\laravel\DATN_hostech\Hostech\frontend\src\Pages\Admin\Properties\Rooms\create.tsx
   21:9   error  'location' is assigned a value but never used  @typescript-eslint/no-unused-vars
   64:33  error  Unexpected any. Specify a different type       @typescript-eslint/no-explicit-any
  107:19  error  Unexpected any. Specify a different type       @typescript-eslint/no-explicit-any

C:\laragon\www\laravel\DATN_hostech\Hostech\frontend\src\Pages\Admin\Properties\Rooms\detail.tsx
   2:39  error  'Table' is defined but never used                                                                                                                                                                                                                                                                                                                                                                                                                                                                                                                                                                                                                                                                                                                                                                                                                                                                                                                                                                                                                                         @typescript-eslint/no-unused-vars
  21:9   error  'location' is assigned a value but never used                                                                                                                                                                                                                                                                                                                                                                                                                                                                                                                                                                                                                                                                                                                                                                                                                                                                                                                                                                                                                             @typescript-eslint/no-unused-vars
  42:5   error  Error: Calling setState synchronously within an effect can trigger cascading renders

Effects are intended to synchronize state between React and external systems such as manually updating the DOM, state management libraries, or other platform APIs. In general, the body of an effect should do one or both of the following:
* Update external systems with the latest state from React.
* Subscribe for updates from some external system, calling setState in a callback function when external state changes.

Calling setState synchronously within an effect body causes cascading renders that can hurt performance, and is not recommended. (https://react.dev/learn/you-might-not-need-an-effect).

C:\laragon\www\laravel\DATN_hostech\Hostech\frontend\src\Pages\Admin\Properties\Rooms\detail.tsx:42:5
  40 |       status: 1,
  41 |     };
> 42 |     setData(mockData);
     |     ^^^^^^^ Avoid calling setState() directly within an effect
  43 |
  44 |     // TODO: gß╗ìi API ─æß╗â lß║Ñy h├¼nh ß║únh ph├▓ng
  45 |     const mockPhotos: RoomPhoto[] = [  react-hooks/set-state-in-effect

C:\laragon\www\laravel\DATN_hostech\Hostech\frontend\src\Pages\Admin\Properties\Rooms\edit.tsx
   21:9   error  'location' is assigned a value but never used  @typescript-eslint/no-unused-vars
   72:33  error  Unexpected any. Specify a different type       @typescript-eslint/no-explicit-any
  115:19  error  Unexpected any. Specify a different type       @typescript-eslint/no-explicit-any

C:\laragon\www\laravel\DATN_hostech\Hostech\frontend\src\Pages\Admin\Services\Create.tsx
  32:22  error  Unexpected any. Specify a different type  @typescript-eslint/no-explicit-any
  40:29  error  Unexpected any. Specify a different type  @typescript-eslint/no-explicit-any

C:\laragon\www\laravel\DATN_hostech\Hostech\frontend\src\Pages\Admin\Services\Edit.tsx
  51:22  error  Unexpected any. Specify a different type  @typescript-eslint/no-explicit-any
  59:29  error  Unexpected any. Specify a different type  @typescript-eslint/no-explicit-any

C:\laragon\www\laravel\DATN_hostech\Hostech\frontend\src\Pages\Admin\UserManager\Manager\Manager.tsx
  36:19  error  Unexpected any. Specify a different type  @typescript-eslint/no-explicit-any
  36:32  error  Unexpected any. Specify a different type  @typescript-eslint/no-explicit-any
  79:35  error  Unexpected any. Specify a different type  @typescript-eslint/no-explicit-any

C:\laragon\www\laravel\DATN_hostech\Hostech\frontend\src\Pages\Admin\UserManager\Manager\detail.tsx
  18:9   error  'location' is assigned a value but never used  @typescript-eslint/no-unused-vars
  55:14  error  'error' is defined but never used              @typescript-eslint/no-unused-vars

C:\laragon\www\laravel\DATN_hostech\Hostech\frontend\src\Pages\Admin\UserManager\Staff\Staff.tsx
  36:19  error  Unexpected any. Specify a different type  @typescript-eslint/no-explicit-any
  36:32  error  Unexpected any. Specify a different type  @typescript-eslint/no-explicit-any
  81:35  error  Unexpected any. Specify a different type  @typescript-eslint/no-explicit-any

C:\laragon\www\laravel\DATN_hostech\Hostech\frontend\src\Pages\Admin\UserManager\Staff\detail.tsx
  18:9   error  'location' is assigned a value but never used  @typescript-eslint/no-unused-vars
  55:14  error  'error' is defined but never used              @typescript-eslint/no-unused-vars

C:\laragon\www\laravel\DATN_hostech\Hostech\frontend\src\Pages\Admin\UserManager\Tenants\Tenant.tsx
  41:19  error  Unexpected any. Specify a different type  @typescript-eslint/no-explicit-any
  41:32  error  Unexpected any. Specify a different type  @typescript-eslint/no-explicit-any
  84:35  error  Unexpected any. Specify a different type  @typescript-eslint/no-explicit-any

C:\laragon\www\laravel\DATN_hostech\Hostech\frontend\src\Pages\Admin\UserManager\Tenants\detail.tsx
  18:9   error  'location' is assigned a value but never used  @typescript-eslint/no-unused-vars
  55:14  error  'error' is defined but never used              @typescript-eslint/no-unused-vars

C:\laragon\www\laravel\DATN_hostech\Hostech\frontend\src\Pages\Client\Login.tsx
  20:36  error  Unexpected any. Specify a different type  @typescript-eslint/no-explicit-any
  35:20  error  Unexpected any. Specify a different type  @typescript-eslint/no-explicit-any

C:\laragon\www\laravel\DATN_hostech\Hostech\frontend\src\Pages\Client\VerifyOTP.tsx
  44:19  error  Unexpected any. Specify a different type                                                                                                                                                     @typescript-eslint/no-explicit-any
  65:19  error  Unexpected any. Specify a different type                                                                                                                                                     @typescript-eslint/no-explicit-any
  70:3   error  React Hook "useEffect" is called conditionally. React Hooks must be called in the exact same order in every component render. Did you accidentally call a React Hook after an early return?  react-hooks/rules-of-hooks

C:\laragon\www\laravel\DATN_hostech\Hostech\frontend\src\Services\Auth.service.ts
  10:35  error  Unexpected any. Specify a different type  @typescript-eslint/no-explicit-any
  19:39  error  Unexpected any. Specify a different type  @typescript-eslint/no-explicit-any
  24:33  error  Unexpected any. Specify a different type  @typescript-eslint/no-explicit-any
  29:42  error  Unexpected any. Specify a different type  @typescript-eslint/no-explicit-any
  35:34  error  Unexpected any. Specify a different type  @typescript-eslint/no-explicit-any

C:\laragon\www\laravel\DATN_hostech\Hostech\frontend\src\Types\ReactType.ts
  3:29  error  The `{}` ("empty object") type allows any non-nullish value, including literals like `0` and `""`.
- If that's what you want, disable this lint rule with an inline comment or configure the 'allowObjectTypes' rule option.
- If you want a type meaning "any object", you probably want `object` instead.
- If you want a type meaning "any value", you probably want `unknown` instead  @typescript-eslint/no-empty-object-type

C:\laragon\www\laravel\DATN_hostech\Hostech\frontend\src\features\contracts\hooks\useContracts.ts
  49:20  error  Unexpected any. Specify a different type  @typescript-eslint/no-explicit-any
  66:20  error  Unexpected any. Specify a different type  @typescript-eslint/no-explicit-any
  82:20  error  Unexpected any. Specify a different type  @typescript-eslint/no-explicit-any

C:\laragon\www\laravel\DATN_hostech\Hostech\frontend\src\features\invoices\hooks\useInvoices.ts
  51:20  error  Unexpected any. Specify a different type  @typescript-eslint/no-explicit-any
  68:20  error  Unexpected any. Specify a different type  @typescript-eslint/no-explicit-any
  84:20  error  Unexpected any. Specify a different type  @typescript-eslint/no-explicit-any

C:\laragon\www\laravel\DATN_hostech\Hostech\frontend\src\features\profile\api\profileApi.ts
  14:57  error  Unexpected any. Specify a different type  @typescript-eslint/no-explicit-any
  25:71  error  Unexpected any. Specify a different type  @typescript-eslint/no-explicit-any
  36:19  error  Unexpected any. Specify a different type  @typescript-eslint/no-explicit-any

C:\laragon\www\laravel\DATN_hostech\Hostech\frontend\src\features\profile\components\AvatarUpload.tsx
   2:27  error  'Button' is defined but never used        @typescript-eslint/no-unused-vars
  55:19  error  Unexpected any. Specify a different type  @typescript-eslint/no-explicit-any

C:\laragon\www\laravel\DATN_hostech\Hostech\frontend\src\features\profile\components\Setup2FA.tsx
  2:53  error  'List' is defined but never used  @typescript-eslint/no-unused-vars

C:\laragon\www\laravel\DATN_hostech\Hostech\frontend\src\features\profile\hooks\useProfile.ts
  53:20  error  Unexpected any. Specify a different type  @typescript-eslint/no-explicit-any

C:\laragon\www\laravel\DATN_hostech\Hostech\frontend\src\features\properties\hooks\useProperties.ts
   46:24  error  Unexpected any. Specify a different type  @typescript-eslint/no-explicit-any
   51:20  error  Unexpected any. Specify a different type  @typescript-eslint/no-explicit-any
   60:24  error  Unexpected any. Specify a different type  @typescript-eslint/no-explicit-any
  116:24  error  Unexpected any. Specify a different type  @typescript-eslint/no-explicit-any
  127:24  error  Unexpected any. Specify a different type  @typescript-eslint/no-explicit-any
  181:24  error  Unexpected any. Specify a different type  @typescript-eslint/no-explicit-any
  192:24  error  Unexpected any. Specify a different type  @typescript-eslint/no-explicit-any

C:\laragon\www\laravel\DATN_hostech\Hostech\frontend\src\features\services\hooks\useServices.ts
  40:20  error  Unexpected any. Specify a different type  @typescript-eslint/no-explicit-any
  57:20  error  Unexpected any. Specify a different type  @typescript-eslint/no-explicit-any
  73:20  error  Unexpected any. Specify a different type  @typescript-eslint/no-explicit-any

C:\laragon\www\laravel\DATN_hostech\Hostech\frontend\src\features\users\hooks\useUsers.ts
  35:24  error  Unexpected any. Specify a different type  @typescript-eslint/no-explicit-any
  40:20  error  Unexpected any. Specify a different type  @typescript-eslint/no-explicit-any
  51:24  error  Unexpected any. Specify a different type  @typescript-eslint/no-explicit-any
  68:20  error  Unexpected any. Specify a different type  @typescript-eslint/no-explicit-any

C:\laragon\www\laravel\DATN_hostech\Hostech\frontend\src\shared\constants\queryKeys.ts
  124:36  error  Unexpected any. Specify a different type  @typescript-eslint/no-explicit-any

Γ£û 242 problems (241 errors, 1 warning)

