﻿PHPUnit 12.5.12 by Sebastian Bergmann and contributors.

Runtime:       PHP 8.3.27
Configuration: C:\laragon\www\laravel\HostechBackEnd\backend\phpunit.xml

E∩╗┐∩╗┐E∩╗┐∩╗┐E∩╗┐∩╗┐E∩╗┐∩╗┐E∩╗┐∩╗┐E                                                              6 / 6 (100%)∩╗┐∩╗┐

Time: 00:08.627, Memory: 60.00 MB

There were 6 errors:

1) Tests\Feature\Property\PropertyFeatureTest::test_admin_can_list_properties
Illuminate\Database\QueryException: SQLSTATE[42S22]: Column not found: 1054 Unknown column 'role' in 'field list' (Connection: mysql, Host: 127.0.0.1, Port: 3306, Database: hostech_test, SQL: insert into `users` (`id`, `org_id`, `full_name`, `phone`, `email`, `password_hash`, `email_verified_at`, `is_active`, `mfa_enabled`, `role`, `updated_at`, `created_at`) values (f1c3dbf6-5b44-421f-bf18-5f566afc17ed, f0f1dbe4-d2c5-4790-9a95-135898c437ad, Chu Tuyß║┐n, (0199) 292 1207, ahessel@example.org, $2y$04$b6191N1Pk9Z0YFD4Ax9FOOHpTZDaYzLlkpHHPbxgNukRXCOkyywn2, 2026-04-03 10:00:53, 1, 0, ADMIN, 2026-04-03 10:00:53, 2026-04-03 10:00:53))

C:\laragon\www\laravel\HostechBackEnd\backend\vendor\laravel\framework\src\Illuminate\Database\Connection.php:838
C:\laragon\www\laravel\HostechBackEnd\backend\vendor\laravel\framework\src\Illuminate\Database\Connection.php:794
C:\laragon\www\laravel\HostechBackEnd\backend\vendor\laravel\framework\src\Illuminate\Database\MySqlConnection.php:42
C:\laragon\www\laravel\HostechBackEnd\backend\vendor\laravel\framework\src\Illuminate\Database\Query\Builder.php:4091
C:\laragon\www\laravel\HostechBackEnd\backend\vendor\laravel\framework\src\Illuminate\Database\Eloquent\Builder.php:2235
C:\laragon\www\laravel\HostechBackEnd\backend\vendor\laravel\framework\src\Illuminate\Database\Eloquent\Model.php:1412
C:\laragon\www\laravel\HostechBackEnd\backend\vendor\laravel\framework\src\Illuminate\Database\Eloquent\Model.php:1240
C:\laragon\www\laravel\HostechBackEnd\backend\vendor\laravel\framework\src\Illuminate\Database\Eloquent\Factories\Factory.php:370
C:\laragon\www\laravel\HostechBackEnd\backend\vendor\laravel\framework\src\Illuminate\Collections\Traits\EnumeratesValues.php:275
C:\laragon\www\laravel\HostechBackEnd\backend\vendor\laravel\framework\src\Illuminate\Database\Eloquent\Factories\Factory.php:365
C:\laragon\www\laravel\HostechBackEnd\backend\vendor\laravel\framework\src\Illuminate\Database\Eloquent\Factories\Factory.php:321
C:\laragon\www\laravel\HostechBackEnd\backend\vendor\laravel\framework\src\Illuminate\Database\Eloquent\Factories\Factory.php:315
C:\laragon\www\laravel\HostechBackEnd\backend\tests\Feature\Property\PropertyFeatureTest.php:26

Caused by
PDOException: SQLSTATE[42S22]: Column not found: 1054 Unknown column 'role' in 'field list'

C:\laragon\www\laravel\HostechBackEnd\backend\vendor\laravel\framework\src\Illuminate\Database\MySqlConnection.php:47
C:\laragon\www\laravel\HostechBackEnd\backend\vendor\laravel\framework\src\Illuminate\Database\Connection.php:827
C:\laragon\www\laravel\HostechBackEnd\backend\vendor\laravel\framework\src\Illuminate\Database\Connection.php:794
C:\laragon\www\laravel\HostechBackEnd\backend\vendor\laravel\framework\src\Illuminate\Database\MySqlConnection.php:42
C:\laragon\www\laravel\HostechBackEnd\backend\vendor\laravel\framework\src\Illuminate\Database\Query\Builder.php:4091
C:\laragon\www\laravel\HostechBackEnd\backend\vendor\laravel\framework\src\Illuminate\Database\Eloquent\Builder.php:2235
C:\laragon\www\laravel\HostechBackEnd\backend\vendor\laravel\framework\src\Illuminate\Database\Eloquent\Model.php:1412
C:\laragon\www\laravel\HostechBackEnd\backend\vendor\laravel\framework\src\Illuminate\Database\Eloquent\Model.php:1240
C:\laragon\www\laravel\HostechBackEnd\backend\vendor\laravel\framework\src\Illuminate\Database\Eloquent\Factories\Factory.php:370
C:\laragon\www\laravel\HostechBackEnd\backend\vendor\laravel\framework\src\Illuminate\Collections\Traits\EnumeratesValues.php:275
C:\laragon\www\laravel\HostechBackEnd\backend\vendor\laravel\framework\src\Illuminate\Database\Eloquent\Factories\Factory.php:365
C:\laragon\www\laravel\HostechBackEnd\backend\vendor\laravel\framework\src\Illuminate\Database\Eloquent\Factories\Factory.php:321
C:\laragon\www\laravel\HostechBackEnd\backend\vendor\laravel\framework\src\Illuminate\Database\Eloquent\Factories\Factory.php:315
C:\laragon\www\laravel\HostechBackEnd\backend\tests\Feature\Property\PropertyFeatureTest.php:26

2) Tests\Feature\Property\PropertyFeatureTest::test_multi_tenancy_isolation
Illuminate\Database\QueryException: SQLSTATE[42S22]: Column not found: 1054 Unknown column 'role' in 'field list' (Connection: mysql, Host: 127.0.0.1, Port: 3306, Database: hostech_test, SQL: insert into `users` (`id`, `org_id`, `full_name`, `phone`, `email`, `password_hash`, `email_verified_at`, `is_active`, `mfa_enabled`, `role`, `updated_at`, `created_at`) values (6467c812-d0e6-4df5-80d3-29b062c8bd55, 7cced142-9d40-48e0-80a1-98dd04aedbbf, Cß╗▒ Chiß║┐n, +84-651-870-6840, feeney.heber@example.org, $2y$04$dCtb4/VNHAqVUFPrwC5WPeA0VpZxITn0yifw2MMq22xn4BbEcqIp2, 2026-04-03 10:00:53, 1, 0, ADMIN, 2026-04-03 10:00:53, 2026-04-03 10:00:53))

C:\laragon\www\laravel\HostechBackEnd\backend\vendor\laravel\framework\src\Illuminate\Database\Connection.php:838
C:\laragon\www\laravel\HostechBackEnd\backend\vendor\laravel\framework\src\Illuminate\Database\Connection.php:794
C:\laragon\www\laravel\HostechBackEnd\backend\vendor\laravel\framework\src\Illuminate\Database\MySqlConnection.php:42
C:\laragon\www\laravel\HostechBackEnd\backend\vendor\laravel\framework\src\Illuminate\Database\Query\Builder.php:4091
C:\laragon\www\laravel\HostechBackEnd\backend\vendor\laravel\framework\src\Illuminate\Database\Eloquent\Builder.php:2235
C:\laragon\www\laravel\HostechBackEnd\backend\vendor\laravel\framework\src\Illuminate\Database\Eloquent\Model.php:1412
C:\laragon\www\laravel\HostechBackEnd\backend\vendor\laravel\framework\src\Illuminate\Database\Eloquent\Model.php:1240
C:\laragon\www\laravel\HostechBackEnd\backend\vendor\laravel\framework\src\Illuminate\Database\Eloquent\Factories\Factory.php:370
C:\laragon\www\laravel\HostechBackEnd\backend\vendor\laravel\framework\src\Illuminate\Collections\Traits\EnumeratesValues.php:275
C:\laragon\www\laravel\HostechBackEnd\backend\vendor\laravel\framework\src\Illuminate\Database\Eloquent\Factories\Factory.php:365
C:\laragon\www\laravel\HostechBackEnd\backend\vendor\laravel\framework\src\Illuminate\Database\Eloquent\Factories\Factory.php:321
C:\laragon\www\laravel\HostechBackEnd\backend\vendor\laravel\framework\src\Illuminate\Database\Eloquent\Factories\Factory.php:315
C:\laragon\www\laravel\HostechBackEnd\backend\tests\Feature\Property\PropertyFeatureTest.php:26

Caused by
PDOException: SQLSTATE[42S22]: Column not found: 1054 Unknown column 'role' in 'field list'

C:\laragon\www\laravel\HostechBackEnd\backend\vendor\laravel\framework\src\Illuminate\Database\MySqlConnection.php:47
C:\laragon\www\laravel\HostechBackEnd\backend\vendor\laravel\framework\src\Illuminate\Database\Connection.php:827
C:\laragon\www\laravel\HostechBackEnd\backend\vendor\laravel\framework\src\Illuminate\Database\Connection.php:794
C:\laragon\www\laravel\HostechBackEnd\backend\vendor\laravel\framework\src\Illuminate\Database\MySqlConnection.php:42
C:\laragon\www\laravel\HostechBackEnd\backend\vendor\laravel\framework\src\Illuminate\Database\Query\Builder.php:4091
C:\laragon\www\laravel\HostechBackEnd\backend\vendor\laravel\framework\src\Illuminate\Database\Eloquent\Builder.php:2235
C:\laragon\www\laravel\HostechBackEnd\backend\vendor\laravel\framework\src\Illuminate\Database\Eloquent\Model.php:1412
C:\laragon\www\laravel\HostechBackEnd\backend\vendor\laravel\framework\src\Illuminate\Database\Eloquent\Model.php:1240
C:\laragon\www\laravel\HostechBackEnd\backend\vendor\laravel\framework\src\Illuminate\Database\Eloquent\Factories\Factory.php:370
C:\laragon\www\laravel\HostechBackEnd\backend\vendor\laravel\framework\src\Illuminate\Collections\Traits\EnumeratesValues.php:275
C:\laragon\www\laravel\HostechBackEnd\backend\vendor\laravel\framework\src\Illuminate\Database\Eloquent\Factories\Factory.php:365
C:\laragon\www\laravel\HostechBackEnd\backend\vendor\laravel\framework\src\Illuminate\Database\Eloquent\Factories\Factory.php:321
C:\laragon\www\laravel\HostechBackEnd\backend\vendor\laravel\framework\src\Illuminate\Database\Eloquent\Factories\Factory.php:315
C:\laragon\www\laravel\HostechBackEnd\backend\tests\Feature\Property\PropertyFeatureTest.php:26

3) Tests\Feature\Property\PropertyFeatureTest::test_admin_can_create_property
Illuminate\Database\QueryException: SQLSTATE[42S22]: Column not found: 1054 Unknown column 'role' in 'field list' (Connection: mysql, Host: 127.0.0.1, Port: 3306, Database: hostech_test, SQL: insert into `users` (`id`, `org_id`, `full_name`, `phone`, `email`, `password_hash`, `email_verified_at`, `is_active`, `mfa_enabled`, `role`, `updated_at`, `created_at`) values (fae40c05-e48c-405d-8086-0f89b4180231, b142c00d-cfe1-4041-bb56-28104f970050, Nghi├¬m Triß╗üu, 0320-352-0491, volkman.andre@example.com, $2y$04$5XUEehuYDDQc6wEQMQrnTObbkSusy.jdgZ8bK8.wQOJSE9KvOhSTC, 2026-04-03 10:00:53, 1, 0, ADMIN, 2026-04-03 10:00:53, 2026-04-03 10:00:53))

C:\laragon\www\laravel\HostechBackEnd\backend\vendor\laravel\framework\src\Illuminate\Database\Connection.php:838
C:\laragon\www\laravel\HostechBackEnd\backend\vendor\laravel\framework\src\Illuminate\Database\Connection.php:794
C:\laragon\www\laravel\HostechBackEnd\backend\vendor\laravel\framework\src\Illuminate\Database\MySqlConnection.php:42
C:\laragon\www\laravel\HostechBackEnd\backend\vendor\laravel\framework\src\Illuminate\Database\Query\Builder.php:4091
C:\laragon\www\laravel\HostechBackEnd\backend\vendor\laravel\framework\src\Illuminate\Database\Eloquent\Builder.php:2235
C:\laragon\www\laravel\HostechBackEnd\backend\vendor\laravel\framework\src\Illuminate\Database\Eloquent\Model.php:1412
C:\laragon\www\laravel\HostechBackEnd\backend\vendor\laravel\framework\src\Illuminate\Database\Eloquent\Model.php:1240
C:\laragon\www\laravel\HostechBackEnd\backend\vendor\laravel\framework\src\Illuminate\Database\Eloquent\Factories\Factory.php:370
C:\laragon\www\laravel\HostechBackEnd\backend\vendor\laravel\framework\src\Illuminate\Collections\Traits\EnumeratesValues.php:275
C:\laragon\www\laravel\HostechBackEnd\backend\vendor\laravel\framework\src\Illuminate\Database\Eloquent\Factories\Factory.php:365
C:\laragon\www\laravel\HostechBackEnd\backend\vendor\laravel\framework\src\Illuminate\Database\Eloquent\Factories\Factory.php:321
C:\laragon\www\laravel\HostechBackEnd\backend\vendor\laravel\framework\src\Illuminate\Database\Eloquent\Factories\Factory.php:315
C:\laragon\www\laravel\HostechBackEnd\backend\tests\Feature\Property\PropertyFeatureTest.php:26

Caused by
PDOException: SQLSTATE[42S22]: Column not found: 1054 Unknown column 'role' in 'field list'

C:\laragon\www\laravel\HostechBackEnd\backend\vendor\laravel\framework\src\Illuminate\Database\MySqlConnection.php:47
C:\laragon\www\laravel\HostechBackEnd\backend\vendor\laravel\framework\src\Illuminate\Database\Connection.php:827
C:\laragon\www\laravel\HostechBackEnd\backend\vendor\laravel\framework\src\Illuminate\Database\Connection.php:794
C:\laragon\www\laravel\HostechBackEnd\backend\vendor\laravel\framework\src\Illuminate\Database\MySqlConnection.php:42
C:\laragon\www\laravel\HostechBackEnd\backend\vendor\laravel\framework\src\Illuminate\Database\Query\Builder.php:4091
C:\laragon\www\laravel\HostechBackEnd\backend\vendor\laravel\framework\src\Illuminate\Database\Eloquent\Builder.php:2235
C:\laragon\www\laravel\HostechBackEnd\backend\vendor\laravel\framework\src\Illuminate\Database\Eloquent\Model.php:1412
C:\laragon\www\laravel\HostechBackEnd\backend\vendor\laravel\framework\src\Illuminate\Database\Eloquent\Model.php:1240
C:\laragon\www\laravel\HostechBackEnd\backend\vendor\laravel\framework\src\Illuminate\Database\Eloquent\Factories\Factory.php:370
C:\laragon\www\laravel\HostechBackEnd\backend\vendor\laravel\framework\src\Illuminate\Collections\Traits\EnumeratesValues.php:275
C:\laragon\www\laravel\HostechBackEnd\backend\vendor\laravel\framework\src\Illuminate\Database\Eloquent\Factories\Factory.php:365
C:\laragon\www\laravel\HostechBackEnd\backend\vendor\laravel\framework\src\Illuminate\Database\Eloquent\Factories\Factory.php:321
C:\laragon\www\laravel\HostechBackEnd\backend\vendor\laravel\framework\src\Illuminate\Database\Eloquent\Factories\Factory.php:315
C:\laragon\www\laravel\HostechBackEnd\backend\tests\Feature\Property\PropertyFeatureTest.php:26

4) Tests\Feature\Property\PropertyFeatureTest::test_admin_can_update_property
Illuminate\Database\QueryException: SQLSTATE[42S22]: Column not found: 1054 Unknown column 'role' in 'field list' (Connection: mysql, Host: 127.0.0.1, Port: 3306, Database: hostech_test, SQL: insert into `users` (`id`, `org_id`, `full_name`, `phone`, `email`, `password_hash`, `email_verified_at`, `is_active`, `mfa_enabled`, `role`, `updated_at`, `created_at`) values (f7efb8c7-23b7-4f51-960d-8a97af19e79b, 86688e19-db61-4d3c-ba61-1952857c7f65, Em. Hy Hiß║┐u, +84-37-079-9707, oran45@example.net, $2y$04$mrjWciRLASOTkLk9YiHus.rPYBfvK49yen0myYx.VZ1pfeO2ibg2C, 2026-04-03 10:00:53, 1, 0, ADMIN, 2026-04-03 10:00:53, 2026-04-03 10:00:53))

C:\laragon\www\laravel\HostechBackEnd\backend\vendor\laravel\framework\src\Illuminate\Database\Connection.php:838
C:\laragon\www\laravel\HostechBackEnd\backend\vendor\laravel\framework\src\Illuminate\Database\Connection.php:794
C:\laragon\www\laravel\HostechBackEnd\backend\vendor\laravel\framework\src\Illuminate\Database\MySqlConnection.php:42
C:\laragon\www\laravel\HostechBackEnd\backend\vendor\laravel\framework\src\Illuminate\Database\Query\Builder.php:4091
C:\laragon\www\laravel\HostechBackEnd\backend\vendor\laravel\framework\src\Illuminate\Database\Eloquent\Builder.php:2235
C:\laragon\www\laravel\HostechBackEnd\backend\vendor\laravel\framework\src\Illuminate\Database\Eloquent\Model.php:1412
C:\laragon\www\laravel\HostechBackEnd\backend\vendor\laravel\framework\src\Illuminate\Database\Eloquent\Model.php:1240
C:\laragon\www\laravel\HostechBackEnd\backend\vendor\laravel\framework\src\Illuminate\Database\Eloquent\Factories\Factory.php:370
C:\laragon\www\laravel\HostechBackEnd\backend\vendor\laravel\framework\src\Illuminate\Collections\Traits\EnumeratesValues.php:275
C:\laragon\www\laravel\HostechBackEnd\backend\vendor\laravel\framework\src\Illuminate\Database\Eloquent\Factories\Factory.php:365
C:\laragon\www\laravel\HostechBackEnd\backend\vendor\laravel\framework\src\Illuminate\Database\Eloquent\Factories\Factory.php:321
C:\laragon\www\laravel\HostechBackEnd\backend\vendor\laravel\framework\src\Illuminate\Database\Eloquent\Factories\Factory.php:315
C:\laragon\www\laravel\HostechBackEnd\backend\tests\Feature\Property\PropertyFeatureTest.php:26

Caused by
PDOException: SQLSTATE[42S22]: Column not found: 1054 Unknown column 'role' in 'field list'

C:\laragon\www\laravel\HostechBackEnd\backend\vendor\laravel\framework\src\Illuminate\Database\MySqlConnection.php:47
C:\laragon\www\laravel\HostechBackEnd\backend\vendor\laravel\framework\src\Illuminate\Database\Connection.php:827
C:\laragon\www\laravel\HostechBackEnd\backend\vendor\laravel\framework\src\Illuminate\Database\Connection.php:794
C:\laragon\www\laravel\HostechBackEnd\backend\vendor\laravel\framework\src\Illuminate\Database\MySqlConnection.php:42
C:\laragon\www\laravel\HostechBackEnd\backend\vendor\laravel\framework\src\Illuminate\Database\Query\Builder.php:4091
C:\laragon\www\laravel\HostechBackEnd\backend\vendor\laravel\framework\src\Illuminate\Database\Eloquent\Builder.php:2235
C:\laragon\www\laravel\HostechBackEnd\backend\vendor\laravel\framework\src\Illuminate\Database\Eloquent\Model.php:1412
C:\laragon\www\laravel\HostechBackEnd\backend\vendor\laravel\framework\src\Illuminate\Database\Eloquent\Model.php:1240
C:\laragon\www\laravel\HostechBackEnd\backend\vendor\laravel\framework\src\Illuminate\Database\Eloquent\Factories\Factory.php:370
C:\laragon\www\laravel\HostechBackEnd\backend\vendor\laravel\framework\src\Illuminate\Collections\Traits\EnumeratesValues.php:275
C:\laragon\www\laravel\HostechBackEnd\backend\vendor\laravel\framework\src\Illuminate\Database\Eloquent\Factories\Factory.php:365
C:\laragon\www\laravel\HostechBackEnd\backend\vendor\laravel\framework\src\Illuminate\Database\Eloquent\Factories\Factory.php:321
C:\laragon\www\laravel\HostechBackEnd\backend\vendor\laravel\framework\src\Illuminate\Database\Eloquent\Factories\Factory.php:315
C:\laragon\www\laravel\HostechBackEnd\backend\tests\Feature\Property\PropertyFeatureTest.php:26

5) Tests\Feature\Property\PropertyFeatureTest::test_admin_can_trash_and_restore_property
Illuminate\Database\QueryException: SQLSTATE[42S22]: Column not found: 1054 Unknown column 'role' in 'field list' (Connection: mysql, Host: 127.0.0.1, Port: 3306, Database: hostech_test, SQL: insert into `users` (`id`, `org_id`, `full_name`, `phone`, `email`, `password_hash`, `email_verified_at`, `is_active`, `mfa_enabled`, `role`, `updated_at`, `created_at`) values (30f810a4-faa1-4b5c-9ed2-2a550c3c067f, 1b2ecfb4-a65f-4a09-80c6-b526dbc64afe, Cß║Ñn Di Y├¬n, +84-281-444-2851, aliza69@example.org, $2y$04$R6iKzFg7MfUIeIdScoWNqeMlCGys.lwvqxcEBhqEELaXfaGbzCqTC, 2026-04-03 10:00:53, 1, 0, ADMIN, 2026-04-03 10:00:53, 2026-04-03 10:00:53))

C:\laragon\www\laravel\HostechBackEnd\backend\vendor\laravel\framework\src\Illuminate\Database\Connection.php:838
C:\laragon\www\laravel\HostechBackEnd\backend\vendor\laravel\framework\src\Illuminate\Database\Connection.php:794
C:\laragon\www\laravel\HostechBackEnd\backend\vendor\laravel\framework\src\Illuminate\Database\MySqlConnection.php:42
C:\laragon\www\laravel\HostechBackEnd\backend\vendor\laravel\framework\src\Illuminate\Database\Query\Builder.php:4091
C:\laragon\www\laravel\HostechBackEnd\backend\vendor\laravel\framework\src\Illuminate\Database\Eloquent\Builder.php:2235
C:\laragon\www\laravel\HostechBackEnd\backend\vendor\laravel\framework\src\Illuminate\Database\Eloquent\Model.php:1412
C:\laragon\www\laravel\HostechBackEnd\backend\vendor\laravel\framework\src\Illuminate\Database\Eloquent\Model.php:1240
C:\laragon\www\laravel\HostechBackEnd\backend\vendor\laravel\framework\src\Illuminate\Database\Eloquent\Factories\Factory.php:370
C:\laragon\www\laravel\HostechBackEnd\backend\vendor\laravel\framework\src\Illuminate\Collections\Traits\EnumeratesValues.php:275
C:\laragon\www\laravel\HostechBackEnd\backend\vendor\laravel\framework\src\Illuminate\Database\Eloquent\Factories\Factory.php:365
C:\laragon\www\laravel\HostechBackEnd\backend\vendor\laravel\framework\src\Illuminate\Database\Eloquent\Factories\Factory.php:321
C:\laragon\www\laravel\HostechBackEnd\backend\vendor\laravel\framework\src\Illuminate\Database\Eloquent\Factories\Factory.php:315
C:\laragon\www\laravel\HostechBackEnd\backend\tests\Feature\Property\PropertyFeatureTest.php:26

Caused by
PDOException: SQLSTATE[42S22]: Column not found: 1054 Unknown column 'role' in 'field list'

C:\laragon\www\laravel\HostechBackEnd\backend\vendor\laravel\framework\src\Illuminate\Database\MySqlConnection.php:47
C:\laragon\www\laravel\HostechBackEnd\backend\vendor\laravel\framework\src\Illuminate\Database\Connection.php:827
C:\laragon\www\laravel\HostechBackEnd\backend\vendor\laravel\framework\src\Illuminate\Database\Connection.php:794
C:\laragon\www\laravel\HostechBackEnd\backend\vendor\laravel\framework\src\Illuminate\Database\MySqlConnection.php:42
C:\laragon\www\laravel\HostechBackEnd\backend\vendor\laravel\framework\src\Illuminate\Database\Query\Builder.php:4091
C:\laragon\www\laravel\HostechBackEnd\backend\vendor\laravel\framework\src\Illuminate\Database\Eloquent\Builder.php:2235
C:\laragon\www\laravel\HostechBackEnd\backend\vendor\laravel\framework\src\Illuminate\Database\Eloquent\Model.php:1412
C:\laragon\www\laravel\HostechBackEnd\backend\vendor\laravel\framework\src\Illuminate\Database\Eloquent\Model.php:1240
C:\laragon\www\laravel\HostechBackEnd\backend\vendor\laravel\framework\src\Illuminate\Database\Eloquent\Factories\Factory.php:370
C:\laragon\www\laravel\HostechBackEnd\backend\vendor\laravel\framework\src\Illuminate\Collections\Traits\EnumeratesValues.php:275
C:\laragon\www\laravel\HostechBackEnd\backend\vendor\laravel\framework\src\Illuminate\Database\Eloquent\Factories\Factory.php:365
C:\laragon\www\laravel\HostechBackEnd\backend\vendor\laravel\framework\src\Illuminate\Database\Eloquent\Factories\Factory.php:321
C:\laragon\www\laravel\HostechBackEnd\backend\vendor\laravel\framework\src\Illuminate\Database\Eloquent\Factories\Factory.php:315
C:\laragon\www\laravel\HostechBackEnd\backend\tests\Feature\Property\PropertyFeatureTest.php:26

6) Tests\Feature\Property\PropertyFeatureTest::test_floor_management_crud
Illuminate\Database\QueryException: SQLSTATE[42S22]: Column not found: 1054 Unknown column 'role' in 'field list' (Connection: mysql, Host: 127.0.0.1, Port: 3306, Database: hostech_test, SQL: insert into `users` (`id`, `org_id`, `full_name`, `phone`, `email`, `password_hash`, `email_verified_at`, `is_active`, `mfa_enabled`, `role`, `updated_at`, `created_at`) values (4b1d594e-ac41-4157-89d4-567a5ab0b7b5, d58c936c-e536-40da-a02a-9d8266162395, Thß║ích Hß║ío D├ón, (0230)318-2358, mschmitt@example.com, $2y$04$YIL//fT88Mx2wVAD5jANpe5dBLDopwUR1PQ0oGmijNKumwMMx78cO, 2026-04-03 10:00:53, 1, 0, ADMIN, 2026-04-03 10:00:53, 2026-04-03 10:00:53))

C:\laragon\www\laravel\HostechBackEnd\backend\vendor\laravel\framework\src\Illuminate\Database\Connection.php:838
C:\laragon\www\laravel\HostechBackEnd\backend\vendor\laravel\framework\src\Illuminate\Database\Connection.php:794
C:\laragon\www\laravel\HostechBackEnd\backend\vendor\laravel\framework\src\Illuminate\Database\MySqlConnection.php:42
C:\laragon\www\laravel\HostechBackEnd\backend\vendor\laravel\framework\src\Illuminate\Database\Query\Builder.php:4091
C:\laragon\www\laravel\HostechBackEnd\backend\vendor\laravel\framework\src\Illuminate\Database\Eloquent\Builder.php:2235
C:\laragon\www\laravel\HostechBackEnd\backend\vendor\laravel\framework\src\Illuminate\Database\Eloquent\Model.php:1412
C:\laragon\www\laravel\HostechBackEnd\backend\vendor\laravel\framework\src\Illuminate\Database\Eloquent\Model.php:1240
C:\laragon\www\laravel\HostechBackEnd\backend\vendor\laravel\framework\src\Illuminate\Database\Eloquent\Factories\Factory.php:370
C:\laragon\www\laravel\HostechBackEnd\backend\vendor\laravel\framework\src\Illuminate\Collections\Traits\EnumeratesValues.php:275
C:\laragon\www\laravel\HostechBackEnd\backend\vendor\laravel\framework\src\Illuminate\Database\Eloquent\Factories\Factory.php:365
C:\laragon\www\laravel\HostechBackEnd\backend\vendor\laravel\framework\src\Illuminate\Database\Eloquent\Factories\Factory.php:321
C:\laragon\www\laravel\HostechBackEnd\backend\vendor\laravel\framework\src\Illuminate\Database\Eloquent\Factories\Factory.php:315
C:\laragon\www\laravel\HostechBackEnd\backend\tests\Feature\Property\PropertyFeatureTest.php:26

Caused by
PDOException: SQLSTATE[42S22]: Column not found: 1054 Unknown column 'role' in 'field list'

C:\laragon\www\laravel\HostechBackEnd\backend\vendor\laravel\framework\src\Illuminate\Database\MySqlConnection.php:47
C:\laragon\www\laravel\HostechBackEnd\backend\vendor\laravel\framework\src\Illuminate\Database\Connection.php:827
C:\laragon\www\laravel\HostechBackEnd\backend\vendor\laravel\framework\src\Illuminate\Database\Connection.php:794
C:\laragon\www\laravel\HostechBackEnd\backend\vendor\laravel\framework\src\Illuminate\Database\MySqlConnection.php:42
C:\laragon\www\laravel\HostechBackEnd\backend\vendor\laravel\framework\src\Illuminate\Database\Query\Builder.php:4091
C:\laragon\www\laravel\HostechBackEnd\backend\vendor\laravel\framework\src\Illuminate\Database\Eloquent\Builder.php:2235
C:\laragon\www\laravel\HostechBackEnd\backend\vendor\laravel\framework\src\Illuminate\Database\Eloquent\Model.php:1412
C:\laragon\www\laravel\HostechBackEnd\backend\vendor\laravel\framework\src\Illuminate\Database\Eloquent\Model.php:1240
C:\laragon\www\laravel\HostechBackEnd\backend\vendor\laravel\framework\src\Illuminate\Database\Eloquent\Factories\Factory.php:370
C:\laragon\www\laravel\HostechBackEnd\backend\vendor\laravel\framework\src\Illuminate\Collections\Traits\EnumeratesValues.php:275
C:\laragon\www\laravel\HostechBackEnd\backend\vendor\laravel\framework\src\Illuminate\Database\Eloquent\Factories\Factory.php:365
C:\laragon\www\laravel\HostechBackEnd\backend\vendor\laravel\framework\src\Illuminate\Database\Eloquent\Factories\Factory.php:321
C:\laragon\www\laravel\HostechBackEnd\backend\vendor\laravel\framework\src\Illuminate\Database\Eloquent\Factories\Factory.php:315
C:\laragon\www\laravel\HostechBackEnd\backend\tests\Feature\Property\PropertyFeatureTest.php:26

ERRORS!
Tests: 6, Assertions: 0, Errors: 6.
